npm error code ERESOLVE
npm error ERESOLVE unable to resolve dependency tree
npm error
npm error While resolving: ggoceries@1.0.0
npm error Found: react@undefined
npm error node_modules/react
npm error   react@"19.2.3" from the root project
npm error   peer react@"*" from expo@57.0.20
npm error   node_modules/expo
npm error     expo@"~57.0.18" from the root project
npm error     peerOptional expo@">=49.0.0" from @sentry/react-native@8.25.0
npm error     node_modules/@sentry/react-native
npm error       @sentry/react-native@"*" from the root project
npm error     1 more (@expo/metro-runtime)
npm error   2 more (@expo/metro-runtime, react-native-webview)
npm error
npm error Could not resolve dependency:
npm error peer react@">=17.0.0" from @sentry/react-native@8.25.0
npm error node_modules/@sentry/react-native
npm error   @sentry/react-native@"*" from the root project
npm error
npm error Fix the upstream dependency conflict, or retry
npm error this command with --force or --legacy-peer-deps
npm error to accept an incorrect (and potentially broken) dependency resolution.
npm error
npm error
npm error For a full report see:
npm error C:\Users\SHAYBAH\AppData\Local\npm-cache\_logs\2026-09-05T13_36_21_046Z-eresolve-report.txt
npm error A complete log of this run can be found in: C:\Users\SHAYBAH\AppData\Local\npm-cache\_logs\2026-09-05T13_36_21_046Z-debug-0.log
